// Jest Snapshot v1, https://goo.gl/fbAQLP

exports[`Pruebas en <TodoAdd /> Debe de mostrarse correctamente 1`] = `
<Fragment>
  <h4>
    Add TODO
  </h4>
  <hr />
  <form
    action=""
    onSubmit={[Function]}
  >
    <input
      autoComplete="off"
      className="form-control"
      name="description"
      onChange={[Function]}
      placeholder="Aprender..."
      type="text"
      value=""
    />
    <div
      className="d-grid gap-2"
    >
      <button
        className="btn btn-outline-primary mt-1"
        type="submit"
      >
        Add
      </button>
    </div>
  </form>
</Fragment>
`;
