// Jest Snapshot v1, https://goo.gl/fbAQLP

exports[`Probando HooApp debe mostrarse correctamente 1`] = `
<div>
  <h1>
    Hook App
  </h1>
</div>
`;
